17:52:15 | INFO: Data are loaded, start creating Blender stuff
17:52:15 | INFO: Blender create Mesh node Cube.054
17:52:15 | INFO: Blender create Mesh node Cube.064
17:52:15 | INFO: Blender create Mesh node Cube.061
17:52:15 | INFO: Blender create Mesh node Cube.063
17:52:15 | INFO: Blender create Mesh node Cube.062
17:52:15 | INFO: Blender create Mesh node Cube.039
17:52:15 | INFO: Blender create Mesh node Cube.041
17:52:15 | INFO: Blender create Mesh node Cube.043
17:52:15 | INFO: Blender create Mesh node Cube.044
17:52:15 | INFO: Blender create Mesh node Cube.040
17:52:15 | INFO: Blender create Mesh node Cube.042
17:52:15 | INFO: Blender create Mesh node Cube.046
17:52:15 | INFO: Blender create Mesh node Cube.047
17:52:15 | INFO: Blender create Mesh node Cylinder.027
17:52:15 | INFO: Blender create Mesh node Cylinder.029
17:52:15 | INFO: Blender create Mesh node Cylinder.031
17:52:15 | INFO: Blender create Mesh node Cylinder.033
17:52:15 | INFO: Blender create Mesh node Cylinder.026
17:52:15 | INFO: Blender create Mesh node Cylinder.028
17:52:15 | INFO: Blender create Mesh node Cylinder.030
17:52:15 | INFO: Blender create Mesh node Cylinder.032
17:52:15 | INFO: Blender create Mesh node Cylinder.035
17:52:15 | INFO: Blender create Mesh node Cylinder.037
17:52:15 | INFO: Blender create Mesh node Cylinder.034
17:52:15 | INFO: Blender create Mesh node Cylinder.036
17:52:15 | INFO: Blender create Mesh node Cube.051
17:52:15 | INFO: Blender create Mesh node Cube.053
17:52:15 | INFO: Blender create Mesh node Cube.052
17:52:15 | INFO: Blender create Mesh node Cylinder.038
17:52:15 | INFO: Blender create Mesh node Cube.055
17:52:15 | INFO: Blender create Mesh node Cube.045
17:52:15 | INFO: Blender create Mesh node Cube.048
17:52:15 | INFO: Blender create Mesh node Cube.049
17:52:15 | INFO: Blender create Mesh node Cube.050
17:52:15 | INFO: Blender create Mesh node Cylinder.039
17:52:15 | INFO: Blender create Mesh node Cylinder.042
17:52:15 | INFO: Blender create Mesh node Cylinder.045
17:52:15 | INFO: Blender create Mesh node Cylinder.048
17:52:15 | INFO: Blender create Mesh node Cylinder.051
17:52:15 | INFO: Blender create Mesh node Cylinder.054
17:52:15 | INFO: Blender create Mesh node Cylinder.040
17:52:15 | INFO: Blender create Mesh node Cylinder.043
17:52:15 | INFO: Blender create Mesh node Cylinder.046
17:52:15 | INFO: Blender create Mesh node Cylinder.049
17:52:15 | INFO: Blender create Mesh node Cylinder.052
17:52:15 | INFO: Blender create Mesh node Cylinder.055
17:52:15 | INFO: Blender create Mesh node Cylinder.041
17:52:15 | INFO: Blender create Mesh node Cylinder.044
17:52:15 | INFO: Blender create Mesh node Cylinder.047
17:52:15 | INFO: Blender create Mesh node Cylinder.050
17:52:15 | INFO: Blender create Mesh node Cylinder.053
17:52:15 | INFO: Blender create Mesh node Cylinder.056
17:52:15 | INFO: Blender create Mesh node Cube.058
17:52:15 | INFO: Blender create Mesh node Cube.057
17:52:15 | INFO: Blender create Mesh node Cube.060
17:52:15 | INFO: Blender create Mesh node Cube.059
17:52:15 | INFO: Blender create Mesh node Cube.056
17:52:15 | INFO: Blender create Mesh node Cone
17:52:15 | INFO: Blender create Mesh node Cone.001
17:52:15 | INFO: Blender create Mesh node Cone.002
17:52:15 | INFO: Blender create Mesh node Cone.003
17:52:15 | INFO: Blender create Mesh node Cone.004
17:52:15 | INFO: Blender create Mesh node Cone.005
17:52:15 | INFO: glTF import finished in 0.18s
17:52:15 | INFO: Data are loaded, start creating Blender stuff
17:52:15 | INFO: Blender create Mesh node Cube.032
17:52:15 | INFO: Blender create Mesh node Cube.033
17:52:15 | INFO: Blender create Mesh node Cube.034
17:52:15 | INFO: Blender create Mesh node Cube.035
17:52:15 | INFO: Blender create Mesh node Cube.036
17:52:15 | INFO: Blender create Mesh node Cube.037
17:52:15 | INFO: Blender create Mesh node Cylinder.020
17:52:15 | INFO: Blender create Mesh node Cylinder.021
17:52:15 | INFO: Blender create Mesh node Cube.031
17:52:15 | INFO: Blender create Mesh node CellFrontArmor.001
17:52:15 | INFO: Blender create Mesh node CellIndicatorBezel.001
17:52:15 | INFO: Blender create Mesh node CellIndicatorRecess.001
17:52:15 | INFO: Blender create Mesh node Cube.039
17:52:15 | INFO: Blender create Mesh node Cube.029
17:52:15 | INFO: Blender create Mesh node Cylinder.023
17:52:15 | INFO: Blender create Mesh node Cylinder.025
17:52:15 | INFO: Blender create Mesh node Cylinder.022
17:52:15 | INFO: Blender create Mesh node Cylinder.024
17:52:15 | INFO: Blender create Mesh node Cube.030
17:52:15 | INFO: Blender create Mesh node Cylinder.027
17:52:15 | INFO: Blender create Mesh node Cylinder.029
17:52:15 | INFO: Blender create Mesh node Cylinder.026
17:52:15 | INFO: Blender create Mesh node Cylinder.028
17:52:15 | INFO: Blender create Mesh node Cube.045
17:52:15 | INFO: Blender create Mesh node Cube.046
17:52:15 | INFO: Blender create Mesh node Cube.040
17:52:15 | INFO: Blender create Mesh node Cube.041
17:52:15 | INFO: Blender create Mesh node Cube.042
17:52:15 | INFO: Blender create Mesh node Cube.043
17:52:15 | INFO: Blender create Mesh node Cube.044
17:52:15 | INFO: Blender create Mesh node Cube.038
17:52:15 | INFO: Blender create Mesh node CellTitaniumCrashRail.001
17:52:15 | INFO: glTF import finished in 0.09s
17:52:15 | INFO: Data are loaded, start creating Blender stuff
17:52:15 | INFO: Blender create Mesh node Missile_1.001
17:52:15 | INFO: Blender create Mesh node Cylinder.033
17:52:15 | INFO: Blender create Mesh node Cylinder.034
17:52:15 | INFO: Blender create Mesh node Cylinder.035
17:52:15 | INFO: Blender create Mesh node Cube.070
17:52:15 | INFO: Blender create Mesh node Missile_2.001
17:52:15 | INFO: Blender create Mesh node Cylinder.036
17:52:15 | INFO: Blender create Mesh node Cylinder.037
17:52:15 | INFO: Blender create Mesh node Cylinder.038
17:52:15 | INFO: Blender create Mesh node Cube.071
17:52:15 | INFO: Blender create Mesh node Cube.072
17:52:15 | INFO: Blender create Mesh node Missile_4.001
17:52:15 | INFO: Blender create Mesh node Cylinder.039
17:52:15 | INFO: Blender create Mesh node Cylinder.040
17:52:15 | INFO: Blender create Mesh node Cylinder.041
17:52:15 | INFO: Blender create Mesh node Cube.073
17:52:15 | INFO: Blender create Mesh node Cube.074
17:52:15 | INFO: Blender create Mesh node RackArmoredSide.002
17:52:15 | INFO: Blender create Mesh node Cube.069
17:52:15 | INFO: Blender create Mesh node Cylinder.028
17:52:15 | INFO: Blender create Mesh node Cylinder.030
17:52:15 | INFO: Blender create Mesh node Cylinder.032
17:52:15 | INFO: Blender create Mesh node Cylinder.027
17:52:15 | INFO: Blender create Mesh node Cylinder.029
17:52:15 | INFO: Blender create Mesh node Cylinder.031
17:52:15 | INFO: Blender create Mesh node Cube.047
17:52:15 | INFO: Blender create Mesh node Cube.048
17:52:15 | INFO: Blender create Mesh node Cube.049
17:52:15 | INFO: Blender create Mesh node Cube.054
17:52:15 | INFO: Blender create Mesh node Cube.058
17:52:15 | INFO: Blender create Mesh node Cube.062
17:52:15 | INFO: Blender create Mesh node Cube.050
17:52:15 | INFO: Blender create Mesh node Cube.051
17:52:15 | INFO: Blender create Mesh node Cube.066
17:52:15 | INFO: Blender create Mesh node Cube.067
17:52:15 | INFO: Blender create Mesh node Cube.065
17:52:15 | INFO: Blender create Mesh node Cube.053
17:52:15 | INFO: Blender create Mesh node Cube.057
17:52:15 | INFO: Blender create Mesh node Cube.061
17:52:15 | INFO: Blender create Mesh node Cube.055
17:52:15 | INFO: Blender create Mesh node Cube.056
17:52:15 | INFO: Blender create Mesh node Cube.059
17:52:15 | INFO: Blender create Mesh node Cube.060
17:52:15 | INFO: Blender create Mesh node Cube.063
17:52:15 | INFO: Blender create Mesh node Cube.064
17:52:15 | INFO: Blender create Mesh node Cube.052
17:52:16 | INFO: Blender create Mesh node Cube.046
17:52:16 | INFO: Blender create Mesh node Cube.068
17:52:16 | INFO: glTF import finished in 0.13s
Blender 5.2.0 LTS (hash fbe6228777e7 built 2026-07-14 01:35:40)

Blender quit
